
==========
== vLLM ==
==========

NVIDIA Release 26.03 (build 287664876)
vLLM Version 0.17.1+a03ca76a
Container image Copyright (c) 2025, NVIDIA CORPORATION & AFFILIATES. All rights reserved.

Various files include modifications (c) NVIDIA CORPORATION & AFFILIATES.  All rights reserved.

GOVERNING TERMS: The software and materials are governed by the NVIDIA Software License Agreement
(found at https://www.nvidia.com/en-us/agreements/enterprise-software/nvidia-software-license-agreement/)
and the Product-Specific Terms for NVIDIA AI Products
(found at https://www.nvidia.com/en-us/agreements/enterprise-software/product-specific-terms-for-ai-products/).

NOTE: Mellanox network driver detected, but NVIDIA peer memory driver not
      detected.  Multi-node communication performance may be reduced.

(APIServer pid=1) INFO 04-16 05:49:40 [utils.py:302] 
(APIServer pid=1) INFO 04-16 05:49:40 [utils.py:302]        █     █     █▄   ▄█
(APIServer pid=1) INFO 04-16 05:49:40 [utils.py:302]  ▄▄ ▄█ █     █     █ ▀▄▀ █  version 0.17.1+a03ca76a.nv26.03.46967107
(APIServer pid=1) INFO 04-16 05:49:40 [utils.py:302]   █▄█▀ █     █     █     █  model   nvidia/DeepSeek-R1-NVFP4
(APIServer pid=1) INFO 04-16 05:49:40 [utils.py:302]    ▀▀  ▀▀▀▀▀ ▀▀▀▀▀ ▀     ▀
(APIServer pid=1) INFO 04-16 05:49:40 [utils.py:302] 
(APIServer pid=1) INFO 04-16 05:49:40 [utils.py:238] non-default args: {'model_tag': 'nvidia/DeepSeek-R1-NVFP4', 'host': '0.0.0.0', 'model': 'nvidia/DeepSeek-R1-NVFP4', 'trust_remote_code': True, 'max_model_len': 16384, 'quantization': 'modelopt_fp4', 'tensor_parallel_size': 8, 'enable_expert_parallel': True}
(APIServer pid=1) INFO 04-16 05:49:40 [arg_utils.py:640] HF_HUB_OFFLINE is True, replace model_id [nvidia/DeepSeek-R1-NVFP4] to model_path [/root/.cache/huggingface/hub/models--nvidia--DeepSeek-R1-NVFP4/snapshots/4bedb8a695a119b1a38d16a675c4665e58708aea]
(APIServer pid=1) WARNING 04-16 05:49:40 [envs.py:1710] Unknown vLLM environment variable detected: VLLM_VERSION
(APIServer pid=1) WARNING 04-16 05:49:40 [envs.py:1710] Unknown vLLM environment variable detected: VLLM_FLASH_ATTN_SRC_DIR
(APIServer pid=1) The argument `trust_remote_code` is to be used with Auto classes. It has no effect here and is ignored.
(APIServer pid=1) The argument `trust_remote_code` is to be used with Auto classes. It has no effect here and is ignored.
(APIServer pid=1) INFO 04-16 05:49:40 [config.py:385] Replacing legacy 'type' key with 'rope_type'
(APIServer pid=1) INFO 04-16 05:49:48 [model.py:531] Resolved architecture: DeepseekV3ForCausalLM
(APIServer pid=1) INFO 04-16 05:49:48 [model.py:1554] Using max model len 16384
(APIServer pid=1) INFO 04-16 05:49:48 [scheduler.py:231] Chunked prefill is enabled with max_num_batched_tokens=8192.
(APIServer pid=1) WARNING 04-16 05:49:48 [modelopt.py:984] Detected ModelOpt NVFP4 checkpoint. Please note that the format is experimental and could change in future.
(APIServer pid=1) INFO 04-16 05:49:48 [vllm.py:747] Asynchronous scheduling is enabled.
(APIServer pid=1) INFO 04-16 05:49:48 [cuda.py:262] Forcing kv cache block size to 64 for FlashInferMLA backend.
(EngineCore_DP0 pid=669) INFO 04-16 05:49:56 [core.py:101] Initializing a V1 LLM engine (v0.17.1+a03ca76a.nv26.03.46967107) with config: model='/root/.cache/huggingface/hub/models--nvidia--DeepSeek-R1-NVFP4/snapshots/4bedb8a695a119b1a38d16a675c4665e58708aea', speculative_config=None, tokenizer='/root/.cache/huggingface/hub/models--nvidia--DeepSeek-R1-NVFP4/snapshots/4bedb8a695a119b1a38d16a675c4665e58708aea', skip_tokenizer_init=False, tokenizer_mode=auto, revision=None, tokenizer_revision=None, trust_remote_code=True, dtype=torch.bfloat16, max_seq_len=16384, download_dir=None, load_format=auto, tensor_parallel_size=8, pipeline_parallel_size=1, data_parallel_size=1, disable_custom_all_reduce=False, quantization=modelopt_fp4, enforce_eager=False, enable_return_routed_experts=False, kv_cache_dtype=auto, device_config=cuda, structured_outputs_config=StructuredOutputsConfig(backend='auto', disable_fallback=False, disable_any_whitespace=False, disable_additional_properties=False, reasoning_parser='', reasoning_parser_plugin='', enable_in_reasoning=False), observability_config=ObservabilityConfig(show_hidden_metrics_for_version=None, otlp_traces_endpoint=None, collect_detailed_traces=None, kv_cache_metrics=False, kv_cache_metrics_sample=0.01, cudagraph_metrics=False, enable_layerwise_nvtx_tracing=False, enable_mfu_metrics=False, enable_mm_processor_stats=False, enable_logging_iteration_details=False), seed=0, served_model_name=/root/.cache/huggingface/hub/models--nvidia--DeepSeek-R1-NVFP4/snapshots/4bedb8a695a119b1a38d16a675c4665e58708aea, enable_prefix_caching=True, enable_chunked_prefill=True, pooler_config=None, compilation_config={'level': None, 'mode': <CompilationMode.VLLM_COMPILE: 3>, 'debug_dump_path': None, 'cache_dir': '', 'compile_cache_save_format': 'binary', 'backend': 'inductor', 'custom_ops': ['none'], 'splitting_ops': ['vllm::unified_attention', 'vllm::unified_attention_with_output', 'vllm::unified_mla_attention', 'vllm::unified_mla_attention_with_output', 'vllm::mamba_mixer2', 'vllm::mamba_mixer', 'vllm::short_conv', 'vllm::linear_attention', 'vllm::plamo2_mamba_mixer', 'vllm::gdn_attention_core', 'vllm::kda_attention', 'vllm::sparse_attn_indexer', 'vllm::rocm_aiter_sparse_attn_indexer', 'vllm::unified_kv_cache_update', 'vllm::unified_mla_kv_cache_update'], 'compile_mm_encoder': False, 'compile_sizes': [], 'compile_ranges_split_points': [8192], 'inductor_compile_config': {'enable_auto_functionalized_v2': False, 'combo_kernels': True, 'benchmark_combo_kernel': True}, 'inductor_passes': {}, 'cudagraph_mode': <CUDAGraphMode.FULL_AND_PIECEWISE: (2, 1)>, 'cudagraph_num_of_warmups': 1, 'cudagraph_capture_sizes': [1, 2, 4, 8, 16, 24, 32, 40, 48, 56, 64, 72, 80, 88, 96, 104, 112, 120, 128, 136, 144, 152, 160, 168, 176, 184, 192, 200, 208, 216, 224, 232, 240, 248, 256, 272, 288, 304, 320, 336, 352, 368, 384, 400, 416, 432, 448, 464, 480, 496, 512], 'cudagraph_copy_inputs': False, 'cudagraph_specialize_lora': True, 'use_inductor_graph_partition': False, 'pass_config': {'fuse_norm_quant': False, 'fuse_act_quant': True, 'fuse_attn_quant': False, 'enable_sp': False, 'fuse_gemm_comms': False, 'fuse_allreduce_rms': False}, 'max_cudagraph_capture_size': 512, 'dynamic_shapes_config': {'type': <DynamicShapesType.BACKED: 'backed'>, 'evaluate_guards': False, 'assume_32_bit_indexing': False}, 'local_cache_dir': None, 'fast_moe_cold_start': True, 'static_all_moe_layers': []}
(EngineCore_DP0 pid=669) WARNING 04-16 05:49:56 [multiproc_executor.py:945] Reducing Torch parallelism from 128 threads to 1 to avoid unnecessary CPU contention. Set OMP_NUM_THREADS in the external environment to tune this value as needed.
(EngineCore_DP0 pid=669) INFO 04-16 05:49:56 [multiproc_executor.py:134] DP group leader: node_rank=0, node_rank_within_dp=0, master_addr=127.0.0.1, mq_connect_ip=172.17.0.2 (local), world_size=8, local_world_size=8
(Worker pid=939) INFO 04-16 05:50:10 [parallel_state.py:1393] world_size=8 rank=3 local_rank=3 distributed_init_method=tcp://127.0.0.1:53387 backend=nccl
(Worker pid=938) INFO 04-16 05:50:10 [parallel_state.py:1393] world_size=8 rank=2 local_rank=2 distributed_init_method=tcp://127.0.0.1:53387 backend=nccl
(Worker pid=936) INFO 04-16 05:50:10 [parallel_state.py:1393] world_size=8 rank=0 local_rank=0 distributed_init_method=tcp://127.0.0.1:53387 backend=nccl
(Worker pid=941) INFO 04-16 05:50:10 [parallel_state.py:1393] world_size=8 rank=5 local_rank=5 distributed_init_method=tcp://127.0.0.1:53387 backend=nccl
(Worker pid=937) INFO 04-16 05:50:10 [parallel_state.py:1393] world_size=8 rank=1 local_rank=1 distributed_init_method=tcp://127.0.0.1:53387 backend=nccl
(Worker pid=942) INFO 04-16 05:50:10 [parallel_state.py:1393] world_size=8 rank=6 local_rank=6 distributed_init_method=tcp://127.0.0.1:53387 backend=nccl
(Worker pid=943) INFO 04-16 05:50:10 [parallel_state.py:1393] world_size=8 rank=7 local_rank=7 distributed_init_method=tcp://127.0.0.1:53387 backend=nccl
(Worker pid=940) INFO 04-16 05:50:10 [parallel_state.py:1393] world_size=8 rank=4 local_rank=4 distributed_init_method=tcp://127.0.0.1:53387 backend=nccl
(Worker pid=936) INFO 04-16 05:50:12 [pynccl.py:111] vLLM is using nccl==2.29.7
(Worker pid=936) WARNING 04-16 05:50:49 [symm_mem.py:67] SymmMemCommunicator: Device capability 10.3 not supported, communicator is not available.
(Worker pid=938) WARNING 04-16 05:50:49 [symm_mem.py:67] SymmMemCommunicator: Device capability 10.3 not supported, communicator is not available.
(Worker pid=943) WARNING 04-16 05:50:49 [symm_mem.py:67] SymmMemCommunicator: Device capability 10.3 not supported, communicator is not available.
(Worker pid=940) WARNING 04-16 05:50:49 [symm_mem.py:67] SymmMemCommunicator: Device capability 10.3 not supported, communicator is not available.
(Worker pid=941) WARNING 04-16 05:50:49 [symm_mem.py:67] SymmMemCommunicator: Device capability 10.3 not supported, communicator is not available.
(Worker pid=942) WARNING 04-16 05:50:49 [symm_mem.py:67] SymmMemCommunicator: Device capability 10.3 not supported, communicator is not available.
(Worker pid=939) WARNING 04-16 05:50:49 [symm_mem.py:67] SymmMemCommunicator: Device capability 10.3 not supported, communicator is not available.
(Worker pid=937) WARNING 04-16 05:50:49 [symm_mem.py:67] SymmMemCommunicator: Device capability 10.3 not supported, communicator is not available.
(Worker pid=938) INFO 04-16 05:50:51 [parallel_state.py:1715] rank 2 in world size 8 is assigned as DP rank 0, PP rank 0, PCP rank 0, TP rank 2, EP rank 2, EPLB rank N/A
(Worker pid=941) INFO 04-16 05:50:51 [parallel_state.py:1715] rank 5 in world size 8 is assigned as DP rank 0, PP rank 0, PCP rank 0, TP rank 5, EP rank 5, EPLB rank N/A
(Worker pid=940) INFO 04-16 05:50:51 [parallel_state.py:1715] rank 4 in world size 8 is assigned as DP rank 0, PP rank 0, PCP rank 0, TP rank 4, EP rank 4, EPLB rank N/A
(Worker pid=943) INFO 04-16 05:50:51 [parallel_state.py:1715] rank 7 in world size 8 is assigned as DP rank 0, PP rank 0, PCP rank 0, TP rank 7, EP rank 7, EPLB rank N/A
(Worker pid=939) INFO 04-16 05:50:51 [parallel_state.py:1715] rank 3 in world size 8 is assigned as DP rank 0, PP rank 0, PCP rank 0, TP rank 3, EP rank 3, EPLB rank N/A
(Worker pid=942) INFO 04-16 05:50:51 [parallel_state.py:1715] rank 6 in world size 8 is assigned as DP rank 0, PP rank 0, PCP rank 0, TP rank 6, EP rank 6, EPLB rank N/A
(Worker pid=937) INFO 04-16 05:50:51 [parallel_state.py:1715] rank 1 in world size 8 is assigned as DP rank 0, PP rank 0, PCP rank 0, TP rank 1, EP rank 1, EPLB rank N/A
(Worker pid=936) INFO 04-16 05:50:51 [parallel_state.py:1715] rank 0 in world size 8 is assigned as DP rank 0, PP rank 0, PCP rank 0, TP rank 0, EP rank 0, EPLB rank N/A
(Worker pid=936) INFO 04-16 05:50:52 [base.py:106] Offloader set to NoopOffloader
(Worker pid=941) INFO 04-16 05:50:52 [base.py:106] Offloader set to NoopOffloader
(Worker pid=936) (Worker_TP0_EP0 pid=936) INFO 04-16 05:50:52 [gpu_model_runner.py:4281] Starting to load model /root/.cache/huggingface/hub/models--nvidia--DeepSeek-R1-NVFP4/snapshots/4bedb8a695a119b1a38d16a675c4665e58708aea...
(Worker pid=943) INFO 04-16 05:50:52 [base.py:106] Offloader set to NoopOffloader
(Worker pid=940) INFO 04-16 05:50:52 [base.py:106] Offloader set to NoopOffloader
(Worker pid=938) INFO 04-16 05:50:52 [base.py:106] Offloader set to NoopOffloader
(Worker pid=942) INFO 04-16 05:50:52 [base.py:106] Offloader set to NoopOffloader
(Worker pid=937) INFO 04-16 05:50:52 [base.py:106] Offloader set to NoopOffloader
(Worker pid=939) INFO 04-16 05:50:52 [base.py:106] Offloader set to NoopOffloader
(Worker pid=936) (Worker_TP0_EP0 pid=936) INFO 04-16 05:51:01 [cuda.py:368] Using AttentionBackendEnum.FLASHINFER_MLA backend.
(Worker pid=936) (Worker_TP0_EP0 pid=936) INFO 04-16 05:51:01 [selector.py:119] Using HND KV cache layout for FLASHINFER_MLA backend.
(Worker pid=936) (Worker_TP0_EP0 pid=936) INFO 04-16 05:51:01 [mla_attention.py:2055] Using TRT-LLM ragged DeepSeek prefill for MLA
(Worker pid=936) (Worker_TP0_EP0 pid=936) INFO 04-16 05:51:01 [nvfp4_utils.py:85] Using NvFp4LinearBackend.FLASHINFER_CUTLASS for NVFP4 GEMM
(Worker pid=943) (Worker_TP7_EP7 pid=943) INFO 04-16 05:51:02 [cuda.py:368] Using AttentionBackendEnum.FLASHINFER_MLA backend.
(Worker pid=943) (Worker_TP7_EP7 pid=943) INFO 04-16 05:51:02 [selector.py:119] Using HND KV cache layout for FLASHINFER_MLA backend.
(Worker pid=943) (Worker_TP7_EP7 pid=943) INFO 04-16 05:51:02 [nvfp4_utils.py:85] Using NvFp4LinearBackend.FLASHINFER_CUTLASS for NVFP4 GEMM
(Worker pid=939) (Worker_TP3_EP3 pid=939) INFO 04-16 05:51:02 [cuda.py:368] Using AttentionBackendEnum.FLASHINFER_MLA backend.
(Worker pid=939) (Worker_TP3_EP3 pid=939) INFO 04-16 05:51:02 [selector.py:119] Using HND KV cache layout for FLASHINFER_MLA backend.
(Worker pid=938) (Worker_TP2_EP2 pid=938) INFO 04-16 05:51:02 [cuda.py:368] Using AttentionBackendEnum.FLASHINFER_MLA backend.
(Worker pid=938) (Worker_TP2_EP2 pid=938) INFO 04-16 05:51:02 [selector.py:119] Using HND KV cache layout for FLASHINFER_MLA backend.
(Worker pid=937) (Worker_TP1_EP1 pid=937) INFO 04-16 05:51:02 [cuda.py:368] Using AttentionBackendEnum.FLASHINFER_MLA backend.
(Worker pid=937) (Worker_TP1_EP1 pid=937) INFO 04-16 05:51:02 [selector.py:119] Using HND KV cache layout for FLASHINFER_MLA backend.
(Worker pid=939) (Worker_TP3_EP3 pid=939) INFO 04-16 05:51:02 [nvfp4_utils.py:85] Using NvFp4LinearBackend.FLASHINFER_CUTLASS for NVFP4 GEMM
(Worker pid=938) (Worker_TP2_EP2 pid=938) INFO 04-16 05:51:02 [nvfp4_utils.py:85] Using NvFp4LinearBackend.FLASHINFER_CUTLASS for NVFP4 GEMM
(Worker pid=937) (Worker_TP1_EP1 pid=937) INFO 04-16 05:51:02 [nvfp4_utils.py:85] Using NvFp4LinearBackend.FLASHINFER_CUTLASS for NVFP4 GEMM
(Worker pid=941) (Worker_TP5_EP5 pid=941) INFO 04-16 05:51:03 [cuda.py:368] Using AttentionBackendEnum.FLASHINFER_MLA backend.
(Worker pid=941) (Worker_TP5_EP5 pid=941) INFO 04-16 05:51:03 [selector.py:119] Using HND KV cache layout for FLASHINFER_MLA backend.
(Worker pid=941) (Worker_TP5_EP5 pid=941) INFO 04-16 05:51:03 [nvfp4_utils.py:85] Using NvFp4LinearBackend.FLASHINFER_CUTLASS for NVFP4 GEMM
(Worker pid=942) (Worker_TP6_EP6 pid=942) INFO 04-16 05:51:03 [cuda.py:368] Using AttentionBackendEnum.FLASHINFER_MLA backend.
(Worker pid=942) (Worker_TP6_EP6 pid=942) INFO 04-16 05:51:03 [selector.py:119] Using HND KV cache layout for FLASHINFER_MLA backend.
(Worker pid=942) (Worker_TP6_EP6 pid=942) INFO 04-16 05:51:03 [nvfp4_utils.py:85] Using NvFp4LinearBackend.FLASHINFER_CUTLASS for NVFP4 GEMM
(Worker pid=940) (Worker_TP4_EP4 pid=940) INFO 04-16 05:51:03 [cuda.py:368] Using AttentionBackendEnum.FLASHINFER_MLA backend.
(Worker pid=940) (Worker_TP4_EP4 pid=940) INFO 04-16 05:51:03 [selector.py:119] Using HND KV cache layout for FLASHINFER_MLA backend.
(Worker pid=940) (Worker_TP4_EP4 pid=940) INFO 04-16 05:51:03 [nvfp4_utils.py:85] Using NvFp4LinearBackend.FLASHINFER_CUTLASS for NVFP4 GEMM
(Worker pid=936) (Worker_TP0_EP0 pid=936) INFO 04-16 05:51:05 [layer.py:456] [EP Rank 0/8] Expert parallelism is enabled. Expert placement strategy: linear. Local/global number of experts: 32/256. Experts local to global index map: 0->0, 1->1, 2->2, 3->3, 4->4, 5->5, 6->6, 7->7, 8->8, 9->9, 10->10, 11->11, 12->12, 13->13, 14->14, 15->15, 16->16, 17->17, 18->18, 19->19, 20->20, 21->21, 22->22, 23->23, 24->24, 25->25, 26->26, 27->27, 28->28, 29->29, 30->30, 31->31.
(Worker pid=936) (Worker_TP0_EP0 pid=936) INFO 04-16 05:51:05 [nvfp4.py:227] Using 'FLASHINFER_TRTLLM' NvFp4 MoE backend out of potential backends: ['FLASHINFER_TRTLLM', 'FLASHINFER_CUTEDSL', 'FLASHINFER_CUTLASS', 'VLLM_CUTLASS', 'MARLIN'].
(Worker pid=936) (Worker_TP0_EP0 pid=936) Loading safetensors checkpoint shards:   0% Completed | 0/80 [00:00<?, ?it/s]
(Worker pid=936) (Worker_TP0_EP0 pid=936) Loading safetensors checkpoint shards:   1% Completed | 1/80 [00:00<01:05,  1.21it/s]
(Worker pid=943) (Worker_TP7_EP7 pid=943) INFO 04-16 05:51:07 [layer.py:456] [EP Rank 7/8] Expert parallelism is enabled. Expert placement strategy: linear. Local/global number of experts: 32/256. Experts local to global index map: 0->224, 1->225, 2->226, 3->227, 4->228, 5->229, 6->230, 7->231, 8->232, 9->233, 10->234, 11->235, 12->236, 13->237, 14->238, 15->239, 16->240, 17->241, 18->242, 19->243, 20->244, 21->245, 22->246, 23->247, 24->248, 25->249, 26->250, 27->251, 28->252, 29->253, 30->254, 31->255.
(Worker pid=937) (Worker_TP1_EP1 pid=937) INFO 04-16 05:51:07 [layer.py:456] [EP Rank 1/8] Expert parallelism is enabled. Expert placement strategy: linear. Local/global number of experts: 32/256. Experts local to global index map: 0->32, 1->33, 2->34, 3->35, 4->36, 5->37, 6->38, 7->39, 8->40, 9->41, 10->42, 11->43, 12->44, 13->45, 14->46, 15->47, 16->48, 17->49, 18->50, 19->51, 20->52, 21->53, 22->54, 23->55, 24->56, 25->57, 26->58, 27->59, 28->60, 29->61, 30->62, 31->63.
(Worker pid=939) (Worker_TP3_EP3 pid=939) INFO 04-16 05:51:07 [layer.py:456] [EP Rank 3/8] Expert parallelism is enabled. Expert placement strategy: linear. Local/global number of experts: 32/256. Experts local to global index map: 0->96, 1->97, 2->98, 3->99, 4->100, 5->101, 6->102, 7->103, 8->104, 9->105, 10->106, 11->107, 12->108, 13->109, 14->110, 15->111, 16->112, 17->113, 18->114, 19->115, 20->116, 21->117, 22->118, 23->119, 24->120, 25->121, 26->122, 27->123, 28->124, 29->125, 30->126, 31->127.
(Worker pid=936) (Worker_TP0_EP0 pid=936) Loading safetensors checkpoint shards:   2% Completed | 2/80 [00:01<00:54,  1.42it/s]
(Worker pid=938) (Worker_TP2_EP2 pid=938) INFO 04-16 05:51:07 [layer.py:456] [EP Rank 2/8] Expert parallelism is enabled. Expert placement strategy: linear. Local/global number of experts: 32/256. Experts local to global index map: 0->64, 1->65, 2->66, 3->67, 4->68, 5->69, 6->70, 7->71, 8->72, 9->73, 10->74, 11->75, 12->76, 13->77, 14->78, 15->79, 16->80, 17->81, 18->82, 19->83, 20->84, 21->85, 22->86, 23->87, 24->88, 25->89, 26->90, 27->91, 28->92, 29->93, 30->94, 31->95.
(Worker pid=941) (Worker_TP5_EP5 pid=941) INFO 04-16 05:51:08 [layer.py:456] [EP Rank 5/8] Expert parallelism is enabled. Expert placement strategy: linear. Local/global number of experts: 32/256. Experts local to global index map: 0->160, 1->161, 2->162, 3->163, 4->164, 5->165, 6->166, 7->167, 8->168, 9->169, 10->170, 11->171, 12->172, 13->173, 14->174, 15->175, 16->176, 17->177, 18->178, 19->179, 20->180, 21->181, 22->182, 23->183, 24->184, 25->185, 26->186, 27->187, 28->188, 29->189, 30->190, 31->191.
(Worker pid=936) (Worker_TP0_EP0 pid=936) Loading safetensors checkpoint shards:   4% Completed | 3/80 [00:02<00:53,  1.44it/s]
(Worker pid=942) (Worker_TP6_EP6 pid=942) INFO 04-16 05:51:08 [layer.py:456] [EP Rank 6/8] Expert parallelism is enabled. Expert placement strategy: linear. Local/global number of experts: 32/256. Experts local to global index map: 0->192, 1->193, 2->194, 3->195, 4->196, 5->197, 6->198, 7->199, 8->200, 9->201, 10->202, 11->203, 12->204, 13->205, 14->206, 15->207, 16->208, 17->209, 18->210, 19->211, 20->212, 21->213, 22->214, 23->215, 24->216, 25->217, 26->218, 27->219, 28->220, 29->221, 30->222, 31->223.
(Worker pid=940) (Worker_TP4_EP4 pid=940) INFO 04-16 05:51:08 [layer.py:456] [EP Rank 4/8] Expert parallelism is enabled. Expert placement strategy: linear. Local/global number of experts: 32/256. Experts local to global index map: 0->128, 1->129, 2->130, 3->131, 4->132, 5->133, 6->134, 7->135, 8->136, 9->137, 10->138, 11->139, 12->140, 13->141, 14->142, 15->143, 16->144, 17->145, 18->146, 19->147, 20->148, 21->149, 22->150, 23->151, 24->152, 25->153, 26->154, 27->155, 28->156, 29->157, 30->158, 31->159.
(Worker pid=936) (Worker_TP0_EP0 pid=936) Loading safetensors checkpoint shards:   5% Completed | 4/80 [00:02<00:57,  1.33it/s]
(Worker pid=936) (Worker_TP0_EP0 pid=936) Loading safetensors checkpoint shards:   6% Completed | 5/80 [00:03<00:45,  1.67it/s]
(Worker pid=936) (Worker_TP0_EP0 pid=936) Loading safetensors checkpoint shards:   8% Completed | 6/80 [00:03<00:39,  1.88it/s]
(Worker pid=936) (Worker_TP0_EP0 pid=936) Loading safetensors checkpoint shards:   9% Completed | 7/80 [00:04<00:44,  1.65it/s]
(Worker pid=936) (Worker_TP0_EP0 pid=936) Loading safetensors checkpoint shards:  10% Completed | 8/80 [00:05<00:48,  1.48it/s]
(Worker pid=936) (Worker_TP0_EP0 pid=936) Loading safetensors checkpoint shards:  11% Completed | 9/80 [00:06<00:52,  1.35it/s]
(Worker pid=936) (Worker_TP0_EP0 pid=936) Loading safetensors checkpoint shards:  12% Completed | 10/80 [00:07<00:54,  1.28it/s]
(Worker pid=936) (Worker_TP0_EP0 pid=936) Loading safetensors checkpoint shards:  14% Completed | 11/80 [00:07<00:43,  1.59it/s]
(Worker pid=936) (Worker_TP0_EP0 pid=936) Loading safetensors checkpoint shards:  15% Completed | 12/80 [00:07<00:40,  1.70it/s]
(Worker pid=936) (Worker_TP0_EP0 pid=936) Loading safetensors checkpoint shards:  16% Completed | 13/80 [00:08<00:41,  1.62it/s]
(Worker pid=936) (Worker_TP0_EP0 pid=936) Loading safetensors checkpoint shards:  18% Completed | 14/80 [00:09<00:42,  1.56it/s]
(Worker pid=936) (Worker_TP0_EP0 pid=936) Loading safetensors checkpoint shards:  19% Completed | 15/80 [00:10<00:47,  1.36it/s]
(Worker pid=936) (Worker_TP0_EP0 pid=936) Loading safetensors checkpoint shards:  20% Completed | 16/80 [00:11<00:50,  1.27it/s]
(Worker pid=936) (Worker_TP0_EP0 pid=936) Loading safetensors checkpoint shards:  21% Completed | 17/80 [00:11<00:48,  1.30it/s]
(Worker pid=936) (Worker_TP0_EP0 pid=936) Loading safetensors checkpoint shards:  22% Completed | 18/80 [00:12<00:49,  1.25it/s]
(Worker pid=936) (Worker_TP0_EP0 pid=936) Loading safetensors checkpoint shards:  24% Completed | 19/80 [00:13<00:51,  1.18it/s]
(Worker pid=936) (Worker_TP0_EP0 pid=936) Loading safetensors checkpoint shards:  25% Completed | 20/80 [00:14<00:45,  1.32it/s]
(Worker pid=936) (Worker_TP0_EP0 pid=936) Loading safetensors checkpoint shards:  26% Completed | 21/80 [00:15<00:50,  1.16it/s]
(Worker pid=936) (Worker_TP0_EP0 pid=936) Loading safetensors checkpoint shards:  28% Completed | 22/80 [00:15<00:41,  1.41it/s]
(Worker pid=936) (Worker_TP0_EP0 pid=936) Loading safetensors checkpoint shards:  29% Completed | 23/80 [00:16<00:46,  1.21it/s]
(Worker pid=936) (Worker_TP0_EP0 pid=936) Loading safetensors checkpoint shards:  30% Completed | 24/80 [00:17<00:40,  1.39it/s]
(Worker pid=936) (Worker_TP0_EP0 pid=936) Loading safetensors checkpoint shards:  31% Completed | 25/80 [00:19<00:58,  1.06s/it]
(Worker pid=936) (Worker_TP0_EP0 pid=936) Loading safetensors checkpoint shards:  32% Completed | 26/80 [00:19<00:46,  1.15it/s]
(Worker pid=936) (Worker_TP0_EP0 pid=936) Loading safetensors checkpoint shards:  34% Completed | 27/80 [00:21<00:59,  1.11s/it]
(Worker pid=936) (Worker_TP0_EP0 pid=936) Loading safetensors checkpoint shards:  35% Completed | 28/80 [00:23<01:09,  1.33s/it]
(Worker pid=936) (Worker_TP0_EP0 pid=936) Loading safetensors checkpoint shards:  36% Completed | 29/80 [00:24<01:14,  1.47s/it]
(Worker pid=936) (Worker_TP0_EP0 pid=936) Loading safetensors checkpoint shards:  38% Completed | 30/80 [00:25<00:57,  1.15s/it]
(Worker pid=936) (Worker_TP0_EP0 pid=936) Loading safetensors checkpoint shards:  39% Completed | 31/80 [00:27<01:08,  1.40s/it]
(Worker pid=936) (Worker_TP0_EP0 pid=936) Loading safetensors checkpoint shards:  40% Completed | 32/80 [00:28<01:09,  1.46s/it]
(Worker pid=936) (Worker_TP0_EP0 pid=936) Loading safetensors checkpoint shards:  41% Completed | 33/80 [00:30<01:12,  1.53s/it]
(Worker pid=936) (Worker_TP0_EP0 pid=936) Loading safetensors checkpoint shards:  42% Completed | 34/80 [00:32<01:16,  1.65s/it]
(Worker pid=936) (Worker_TP0_EP0 pid=936) Loading safetensors checkpoint shards:  44% Completed | 35/80 [00:34<01:14,  1.65s/it]
(Worker pid=936) (Worker_TP0_EP0 pid=936) Loading safetensors checkpoint shards:  45% Completed | 36/80 [00:35<01:14,  1.69s/it]
(Worker pid=936) (Worker_TP0_EP0 pid=936) Loading safetensors checkpoint shards:  46% Completed | 37/80 [00:36<00:55,  1.28s/it]
(Worker pid=936) (Worker_TP0_EP0 pid=936) Loading safetensors checkpoint shards:  48% Completed | 38/80 [00:37<00:57,  1.37s/it]
(Worker pid=936) (Worker_TP0_EP0 pid=936) Loading safetensors checkpoint shards:  49% Completed | 39/80 [00:39<01:00,  1.48s/it]
(Worker pid=936) (Worker_TP0_EP0 pid=936) Loading safetensors checkpoint shards:  50% Completed | 40/80 [00:40<00:49,  1.23s/it]
(Worker pid=936) (Worker_TP0_EP0 pid=936) Loading safetensors checkpoint shards:  51% Completed | 41/80 [00:41<00:51,  1.32s/it]
(Worker pid=936) (Worker_TP0_EP0 pid=936) Loading safetensors checkpoint shards:  52% Completed | 42/80 [00:43<00:51,  1.36s/it]
(Worker pid=936) (Worker_TP0_EP0 pid=936) Loading safetensors checkpoint shards:  54% Completed | 43/80 [00:45<00:56,  1.52s/it]
(Worker pid=936) (Worker_TP0_EP0 pid=936) Loading safetensors checkpoint shards:  55% Completed | 44/80 [00:46<00:52,  1.45s/it]
(Worker pid=936) (Worker_TP0_EP0 pid=936) Loading safetensors checkpoint shards:  56% Completed | 45/80 [00:47<00:52,  1.49s/it]
(Worker pid=936) (Worker_TP0_EP0 pid=936) Loading safetensors checkpoint shards:  57% Completed | 46/80 [00:49<00:47,  1.38s/it]
(Worker pid=936) (Worker_TP0_EP0 pid=936) Loading safetensors checkpoint shards:  59% Completed | 47/80 [00:50<00:46,  1.41s/it]
(Worker pid=936) (Worker_TP0_EP0 pid=936) Loading safetensors checkpoint shards:  60% Completed | 48/80 [00:52<00:46,  1.45s/it]
(Worker pid=936) (Worker_TP0_EP0 pid=936) Loading safetensors checkpoint shards:  61% Completed | 49/80 [00:53<00:45,  1.46s/it]
(Worker pid=936) (Worker_TP0_EP0 pid=936) Loading safetensors checkpoint shards:  62% Completed | 50/80 [00:54<00:43,  1.45s/it]
(Worker pid=936) (Worker_TP0_EP0 pid=936) Loading safetensors checkpoint shards:  64% Completed | 51/80 [00:56<00:39,  1.36s/it]
(Worker pid=936) (Worker_TP0_EP0 pid=936) Loading safetensors checkpoint shards:  65% Completed | 52/80 [00:56<00:30,  1.09s/it]
(Worker pid=936) (Worker_TP0_EP0 pid=936) Loading safetensors checkpoint shards:  66% Completed | 53/80 [00:57<00:24,  1.09it/s]
(Worker pid=936) (Worker_TP0_EP0 pid=936) Loading safetensors checkpoint shards:  68% Completed | 54/80 [00:58<00:29,  1.13s/it]
(Worker pid=936) (Worker_TP0_EP0 pid=936) Loading safetensors checkpoint shards:  69% Completed | 55/80 [00:59<00:29,  1.18s/it]
(Worker pid=936) (Worker_TP0_EP0 pid=936) Loading safetensors checkpoint shards:  70% Completed | 56/80 [01:01<00:29,  1.23s/it]
(Worker pid=936) (Worker_TP0_EP0 pid=936) Loading safetensors checkpoint shards:  71% Completed | 57/80 [01:03<00:31,  1.36s/it]
(Worker pid=936) (Worker_TP0_EP0 pid=936) Loading safetensors checkpoint shards:  72% Completed | 58/80 [01:04<00:32,  1.50s/it]
(Worker pid=936) (Worker_TP0_EP0 pid=936) Loading safetensors checkpoint shards:  74% Completed | 59/80 [01:06<00:31,  1.52s/it]
(Worker pid=936) (Worker_TP0_EP0 pid=936) Loading safetensors checkpoint shards:  75% Completed | 60/80 [01:08<00:31,  1.57s/it]
(Worker pid=936) (Worker_TP0_EP0 pid=936) Loading safetensors checkpoint shards:  76% Completed | 61/80 [01:09<00:28,  1.48s/it]
(Worker pid=936) (Worker_TP0_EP0 pid=936) Loading safetensors checkpoint shards:  78% Completed | 62/80 [01:11<00:28,  1.58s/it]
(Worker pid=936) (Worker_TP0_EP0 pid=936) Loading safetensors checkpoint shards:  79% Completed | 63/80 [01:12<00:26,  1.59s/it]
(Worker pid=936) (Worker_TP0_EP0 pid=936) Loading safetensors checkpoint shards:  80% Completed | 64/80 [01:13<00:22,  1.44s/it]
(Worker pid=936) (Worker_TP0_EP0 pid=936) Loading safetensors checkpoint shards:  81% Completed | 65/80 [01:15<00:20,  1.38s/it]
(Worker pid=936) (Worker_TP0_EP0 pid=936) Loading safetensors checkpoint shards:  82% Completed | 66/80 [01:16<00:18,  1.34s/it]
(Worker pid=936) (Worker_TP0_EP0 pid=936) Loading safetensors checkpoint shards:  84% Completed | 67/80 [01:18<00:19,  1.51s/it]
(Worker pid=936) (Worker_TP0_EP0 pid=936) Loading safetensors checkpoint shards:  85% Completed | 68/80 [01:19<00:18,  1.53s/it]
(Worker pid=936) (Worker_TP0_EP0 pid=936) Loading safetensors checkpoint shards:  86% Completed | 69/80 [01:21<00:15,  1.43s/it]
(Worker pid=936) (Worker_TP0_EP0 pid=936) Loading safetensors checkpoint shards:  88% Completed | 70/80 [01:21<00:12,  1.29s/it]
(Worker pid=936) (Worker_TP0_EP0 pid=936) Loading safetensors checkpoint shards:  89% Completed | 71/80 [01:22<00:09,  1.06s/it]
(Worker pid=936) (Worker_TP0_EP0 pid=936) Loading safetensors checkpoint shards:  90% Completed | 72/80 [01:23<00:08,  1.03s/it]
(Worker pid=936) (Worker_TP0_EP0 pid=936) Loading safetensors checkpoint shards:  91% Completed | 73/80 [01:24<00:07,  1.07s/it]
(Worker pid=936) (Worker_TP0_EP0 pid=936) Loading safetensors checkpoint shards:  92% Completed | 74/80 [01:25<00:05,  1.07it/s]
(Worker pid=936) (Worker_TP0_EP0 pid=936) Loading safetensors checkpoint shards: 100% Completed | 80/80 [01:25<00:00,  1.07s/it]
(Worker pid=936) (Worker_TP0_EP0 pid=936) 
(Worker pid=936) (Worker_TP0_EP0 pid=936) INFO 04-16 05:52:31 [default_loader.py:293] Loading weights took 85.28 seconds
(Worker pid=940) (Worker_TP4_EP4 pid=940) INFO 04-16 05:52:37 [nvfp4.py:410] Using MoEPrepareAndFinalizeNoDPEPMonolithic
(Worker pid=937) (Worker_TP1_EP1 pid=937) INFO 04-16 05:52:37 [nvfp4.py:410] Using MoEPrepareAndFinalizeNoDPEPMonolithic
(Worker pid=939) (Worker_TP3_EP3 pid=939) INFO 04-16 05:52:37 [nvfp4.py:410] Using MoEPrepareAndFinalizeNoDPEPMonolithic
(Worker pid=936) (Worker_TP0_EP0 pid=936) INFO 04-16 05:52:37 [nvfp4.py:410] Using MoEPrepareAndFinalizeNoDPEPMonolithic
(Worker pid=938) (Worker_TP2_EP2 pid=938) INFO 04-16 05:52:37 [nvfp4.py:410] Using MoEPrepareAndFinalizeNoDPEPMonolithic
(Worker pid=942) (Worker_TP6_EP6 pid=942) INFO 04-16 05:52:37 [nvfp4.py:410] Using MoEPrepareAndFinalizeNoDPEPMonolithic
(Worker pid=941) (Worker_TP5_EP5 pid=941) INFO 04-16 05:52:37 [nvfp4.py:410] Using MoEPrepareAndFinalizeNoDPEPMonolithic
(Worker pid=943) (Worker_TP7_EP7 pid=943) INFO 04-16 05:52:37 [nvfp4.py:410] Using MoEPrepareAndFinalizeNoDPEPMonolithic
(Worker pid=936) (Worker_TP0_EP0 pid=936) INFO 04-16 05:52:42 [gpu_model_runner.py:4364] Model loading took 48.01 GiB memory and 109.360407 seconds
(Worker pid=936) (Worker_TP0_EP0 pid=936) INFO 04-16 05:52:56 [backends.py:916] Using cache directory: /root/.cache/vllm/torch_compile_cache/cef881da3a/rank_0_0/backbone for vLLM's torch.compile
(Worker pid=936) (Worker_TP0_EP0 pid=936) INFO 04-16 05:52:56 [backends.py:976] Dynamo bytecode transform time: 13.23 s
(Worker pid=938) (Worker_TP2_EP2 pid=938) INFO 04-16 05:53:03 [backends.py:350] Cache the graph of compile range (1, 8192) for later use
(Worker pid=940) (Worker_TP4_EP4 pid=940) INFO 04-16 05:53:04 [backends.py:350] Cache the graph of compile range (1, 8192) for later use
(Worker pid=943) (Worker_TP7_EP7 pid=943) INFO 04-16 05:53:04 [backends.py:350] Cache the graph of compile range (1, 8192) for later use
(Worker pid=941) (Worker_TP5_EP5 pid=941) INFO 04-16 05:53:04 [backends.py:350] Cache the graph of compile range (1, 8192) for later use
(Worker pid=942) (Worker_TP6_EP6 pid=942) INFO 04-16 05:53:04 [backends.py:350] Cache the graph of compile range (1, 8192) for later use
(Worker pid=937) (Worker_TP1_EP1 pid=937) INFO 04-16 05:53:04 [backends.py:350] Cache the graph of compile range (1, 8192) for later use
(Worker pid=939) (Worker_TP3_EP3 pid=939) INFO 04-16 05:53:04 [backends.py:350] Cache the graph of compile range (1, 8192) for later use
(Worker pid=936) (Worker_TP0_EP0 pid=936) INFO 04-16 05:53:04 [backends.py:350] Cache the graph of compile range (1, 8192) for later use
(EngineCore_DP0 pid=669) INFO 04-16 05:53:42 [shm_broadcast.py:548] No available shared memory broadcast block found in 60 seconds. This typically happens when some processes are hanging or doing some time-consuming work (e.g. compilation, weight/kv cache quantization).
(EngineCore_DP0 pid=669) INFO 04-16 05:54:42 [shm_broadcast.py:548] No available shared memory broadcast block found in 60 seconds. This typically happens when some processes are hanging or doing some time-consuming work (e.g. compilation, weight/kv cache quantization).
(Worker pid=936) (Worker_TP0_EP0 pid=936) 2026-04-16 05:55:42,447 - INFO - cubin_loader.py:217 - flashinfer.jit: Fetching file from https://edge.urm.nvidia.com/artifactory/sw-kernelinferencelibrary-public-generic-local/b55211623be7f5697c5262ffd8361fc06c147bc9/batched_gemm-b3c1646-c111d7c/include/trtllmGen_bmm_export/BatchedGemmEnums.h
(Worker pid=938) (Worker_TP2_EP2 pid=938) 2026-04-16 05:55:42,447 - INFO - cubin_loader.py:217 - flashinfer.jit: Fetching file from https://edge.urm.nvidia.com/artifactory/sw-kernelinferencelibrary-public-generic-local/b55211623be7f5697c5262ffd8361fc06c147bc9/batched_gemm-b3c1646-c111d7c/include/trtllmGen_bmm_export/BatchedGemmEnums.h
(Worker pid=940) (Worker_TP4_EP4 pid=940) 2026-04-16 05:55:42,447 - INFO - cubin_loader.py:217 - flashinfer.jit: Fetching file from https://edge.urm.nvidia.com/artifactory/sw-kernelinferencelibrary-public-generic-local/b55211623be7f5697c5262ffd8361fc06c147bc9/batched_gemm-b3c1646-c111d7c/include/trtllmGen_bmm_export/BatchedGemmEnums.h
(Worker pid=943) (Worker_TP7_EP7 pid=943) 2026-04-16 05:55:42,447 - INFO - cubin_loader.py:217 - flashinfer.jit: Fetching file from https://edge.urm.nvidia.com/artifactory/sw-kernelinferencelibrary-public-generic-local/b55211623be7f5697c5262ffd8361fc06c147bc9/batched_gemm-b3c1646-c111d7c/include/trtllmGen_bmm_export/BatchedGemmEnums.h
(Worker pid=937) (Worker_TP1_EP1 pid=937) 2026-04-16 05:55:42,447 - INFO - cubin_loader.py:217 - flashinfer.jit: Fetching file from https://edge.urm.nvidia.com/artifactory/sw-kernelinferencelibrary-public-generic-local/b55211623be7f5697c5262ffd8361fc06c147bc9/batched_gemm-b3c1646-c111d7c/include/trtllmGen_bmm_export/BatchedGemmEnums.h
(Worker pid=939) (Worker_TP3_EP3 pid=939) 2026-04-16 05:55:42,447 - INFO - cubin_loader.py:217 - flashinfer.jit: Fetching file from https://edge.urm.nvidia.com/artifactory/sw-kernelinferencelibrary-public-generic-local/b55211623be7f5697c5262ffd8361fc06c147bc9/batched_gemm-b3c1646-c111d7c/include/trtllmGen_bmm_export/BatchedGemmEnums.h
(Worker pid=936) (Worker_TP0_EP0 pid=936) 2026-04-16 05:55:42,448 - INFO - cubin_loader.py:84 - flashinfer.jit: Acquired lock for /usr/local/lib/python3.12/dist-packages/flashinfer_cubin/cubins/flashinfer/trtllm/batched_gemm/trtllmGen_bmm_export/BatchedGemmEnums.h
(Worker pid=942) (Worker_TP6_EP6 pid=942) 2026-04-16 05:55:42,449 - INFO - cubin_loader.py:217 - flashinfer.jit: Fetching file from https://edge.urm.nvidia.com/artifactory/sw-kernelinferencelibrary-public-generic-local/b55211623be7f5697c5262ffd8361fc06c147bc9/batched_gemm-b3c1646-c111d7c/include/trtllmGen_bmm_export/BatchedGemmEnums.h
(Worker pid=941) (Worker_TP5_EP5 pid=941) 2026-04-16 05:55:42,449 - INFO - cubin_loader.py:217 - flashinfer.jit: Fetching file from https://edge.urm.nvidia.com/artifactory/sw-kernelinferencelibrary-public-generic-local/b55211623be7f5697c5262ffd8361fc06c147bc9/batched_gemm-b3c1646-c111d7c/include/trtllmGen_bmm_export/BatchedGemmEnums.h
(EngineCore_DP0 pid=669) INFO 04-16 05:55:42 [shm_broadcast.py:548] No available shared memory broadcast block found in 60 seconds. This typically happens when some processes are hanging or doing some time-consuming work (e.g. compilation, weight/kv cache quantization).
(Worker pid=936) (Worker_TP0_EP0 pid=936) 2026-04-16 05:55:42,785 - INFO - cubin_loader.py:114 - flashinfer.jit: File downloaded successfully: https://edge.urm.nvidia.com/artifactory/sw-kernelinferencelibrary-public-generic-local/b55211623be7f5697c5262ffd8361fc06c147bc9/batched_gemm-b3c1646-c111d7c/include/trtllmGen_bmm_export/BatchedGemmEnums.h -> /usr/local/lib/python3.12/dist-packages/flashinfer_cubin/cubins/flashinfer/trtllm/batched_gemm/trtllmGen_bmm_export/BatchedGemmEnums.h
(Worker pid=936) (Worker_TP0_EP0 pid=936) 2026-04-16 05:55:42,788 - INFO - cubin_loader.py:217 - flashinfer.jit: Fetching file from https://edge.urm.nvidia.com/artifactory/sw-kernelinferencelibrary-public-generic-local/b55211623be7f5697c5262ffd8361fc06c147bc9/batched_gemm-b3c1646-c111d7c/include/trtllmGen_bmm_export/BatchedGemmInterface.h
(Worker pid=936) (Worker_TP0_EP0 pid=936) 2026-04-16 05:55:42,788 - INFO - cubin_loader.py:84 - flashinfer.jit: Acquired lock for /usr/local/lib/python3.12/dist-packages/flashinfer_cubin/cubins/flashinfer/trtllm/batched_gemm/trtllmGen_bmm_export/BatchedGemmInterface.h
(Worker pid=940) (Worker_TP4_EP4 pid=940) 2026-04-16 05:55:42,799 - INFO - cubin_loader.py:84 - flashinfer.jit: Acquired lock for /usr/local/lib/python3.12/dist-packages/flashinfer_cubin/cubins/flashinfer/trtllm/batched_gemm/trtllmGen_bmm_export/BatchedGemmEnums.h
(Worker pid=936) (Worker_TP0_EP0 pid=936) 2026-04-16 05:55:43,136 - INFO - cubin_loader.py:114 - flashinfer.jit: File downloaded successfully: https://edge.urm.nvidia.com/artifactory/sw-kernelinferencelibrary-public-generic-local/b55211623be7f5697c5262ffd8361fc06c147bc9/batched_gemm-b3c1646-c111d7c/include/trtllmGen_bmm_export/BatchedGemmInterface.h -> /usr/local/lib/python3.12/dist-packages/flashinfer_cubin/cubins/flashinfer/trtllm/batched_gemm/trtllmGen_bmm_export/BatchedGemmInterface.h
(Worker pid=936) (Worker_TP0_EP0 pid=936) 2026-04-16 05:55:43,139 - INFO - cubin_loader.py:217 - flashinfer.jit: Fetching file from https://edge.urm.nvidia.com/artifactory/sw-kernelinferencelibrary-public-generic-local/b55211623be7f5697c5262ffd8361fc06c147bc9/batched_gemm-b3c1646-c111d7c/include/trtllmGen_bmm_export/BatchedGemmOptions.h
(Worker pid=936) (Worker_TP0_EP0 pid=936) 2026-04-16 05:55:43,140 - INFO - cubin_loader.py:84 - flashinfer.jit: Acquired lock for /usr/local/lib/python3.12/dist-packages/flashinfer_cubin/cubins/flashinfer/trtllm/batched_gemm/trtllmGen_bmm_export/BatchedGemmOptions.h
(Worker pid=940) (Worker_TP4_EP4 pid=940) 2026-04-16 05:55:43,151 - INFO - cubin_loader.py:114 - flashinfer.jit: File downloaded successfully: https://edge.urm.nvidia.com/artifactory/sw-kernelinferencelibrary-public-generic-local/b55211623be7f5697c5262ffd8361fc06c147bc9/batched_gemm-b3c1646-c111d7c/include/trtllmGen_bmm_export/BatchedGemmEnums.h -> /usr/local/lib/python3.12/dist-packages/flashinfer_cubin/cubins/flashinfer/trtllm/batched_gemm/trtllmGen_bmm_export/BatchedGemmEnums.h
(Worker pid=941) (Worker_TP5_EP5 pid=941) 2026-04-16 05:55:43,151 - INFO - cubin_loader.py:84 - flashinfer.jit: Acquired lock for /usr/local/lib/python3.12/dist-packages/flashinfer_cubin/cubins/flashinfer/trtllm/batched_gemm/trtllmGen_bmm_export/BatchedGemmEnums.h
(Worker pid=940) (Worker_TP4_EP4 pid=940) 2026-04-16 05:55:43,155 - INFO - cubin_loader.py:217 - flashinfer.jit: Fetching file from https://edge.urm.nvidia.com/artifactory/sw-kernelinferencelibrary-public-generic-local/b55211623be7f5697c5262ffd8361fc06c147bc9/batched_gemm-b3c1646-c111d7c/include/trtllmGen_bmm_export/BatchedGemmOptions.h
(Worker pid=936) (Worker_TP0_EP0 pid=936) 2026-04-16 05:55:43,512 - INFO - cubin_loader.py:114 - flashinfer.jit: File downloaded successfully: https://edge.urm.nvidia.com/artifactory/sw-kernelinferencelibrary-public-generic-local/b55211623be7f5697c5262ffd8361fc06c147bc9/batched_gemm-b3c1646-c111d7c/include/trtllmGen_bmm_export/BatchedGemmOptions.h -> /usr/local/lib/python3.12/dist-packages/flashinfer_cubin/cubins/flashinfer/trtllm/batched_gemm/trtllmGen_bmm_export/BatchedGemmOptions.h
(Worker pid=936) (Worker_TP0_EP0 pid=936) 2026-04-16 05:55:43,515 - INFO - cubin_loader.py:217 - flashinfer.jit: Fetching file from https://edge.urm.nvidia.com/artifactory/sw-kernelinferencelibrary-public-generic-local/b55211623be7f5697c5262ffd8361fc06c147bc9/batched_gemm-b3c1646-c111d7c/include/trtllmGen_bmm_export/Enums.h
(Worker pid=936) (Worker_TP0_EP0 pid=936) 2026-04-16 05:55:43,515 - INFO - cubin_loader.py:84 - flashinfer.jit: Acquired lock for /usr/local/lib/python3.12/dist-packages/flashinfer_cubin/cubins/flashinfer/trtllm/batched_gemm/trtllmGen_bmm_export/Enums.h
(Worker pid=941) (Worker_TP5_EP5 pid=941) 2026-04-16 05:55:43,515 - INFO - cubin_loader.py:114 - flashinfer.jit: File downloaded successfully: https://edge.urm.nvidia.com/artifactory/sw-kernelinferencelibrary-public-generic-local/b55211623be7f5697c5262ffd8361fc06c147bc9/batched_gemm-b3c1646-c111d7c/include/trtllmGen_bmm_export/BatchedGemmEnums.h -> /usr/local/lib/python3.12/dist-packages/flashinfer_cubin/cubins/flashinfer/trtllm/batched_gemm/trtllmGen_bmm_export/BatchedGemmEnums.h
(Worker pid=941) (Worker_TP5_EP5 pid=941) 2026-04-16 05:55:43,521 - INFO - cubin_loader.py:217 - flashinfer.jit: Fetching file from https://edge.urm.nvidia.com/artifactory/sw-kernelinferencelibrary-public-generic-local/b55211623be7f5697c5262ffd8361fc06c147bc9/batched_gemm-b3c1646-c111d7c/include/trtllmGen_bmm_export/Enums.h
(Worker pid=939) (Worker_TP3_EP3 pid=939) 2026-04-16 05:55:43,550 - INFO - cubin_loader.py:84 - flashinfer.jit: Acquired lock for /usr/local/lib/python3.12/dist-packages/flashinfer_cubin/cubins/flashinfer/trtllm/batched_gemm/trtllmGen_bmm_export/BatchedGemmEnums.h
(Worker pid=940) (Worker_TP4_EP4 pid=940) 2026-04-16 05:55:43,556 - INFO - cubin_loader.py:84 - flashinfer.jit: Acquired lock for /usr/local/lib/python3.12/dist-packages/flashinfer_cubin/cubins/flashinfer/trtllm/batched_gemm/trtllmGen_bmm_export/BatchedGemmOptions.h
(Worker pid=936) (Worker_TP0_EP0 pid=936) 2026-04-16 05:55:43,845 - INFO - cubin_loader.py:114 - flashinfer.jit: File downloaded successfully: https://edge.urm.nvidia.com/artifactory/sw-kernelinferencelibrary-public-generic-local/b55211623be7f5697c5262ffd8361fc06c147bc9/batched_gemm-b3c1646-c111d7c/include/trtllmGen_bmm_export/Enums.h -> /usr/local/lib/python3.12/dist-packages/flashinfer_cubin/cubins/flashinfer/trtllm/batched_gemm/trtllmGen_bmm_export/Enums.h
(Worker pid=936) (Worker_TP0_EP0 pid=936) 2026-04-16 05:55:43,848 - INFO - cubin_loader.py:217 - flashinfer.jit: Fetching file from https://edge.urm.nvidia.com/artifactory/sw-kernelinferencelibrary-public-generic-local/b55211623be7f5697c5262ffd8361fc06c147bc9/batched_gemm-b3c1646-c111d7c/include/trtllmGen_bmm_export/GemmGatedActOptions.h
(Worker pid=936) (Worker_TP0_EP0 pid=936) 2026-04-16 05:55:43,848 - INFO - cubin_loader.py:84 - flashinfer.jit: Acquired lock for /usr/local/lib/python3.12/dist-packages/flashinfer_cubin/cubins/flashinfer/trtllm/batched_gemm/trtllmGen_bmm_export/GemmGatedActOptions.h
(Worker pid=941) (Worker_TP5_EP5 pid=941) 2026-04-16 05:55:43,872 - INFO - cubin_loader.py:84 - flashinfer.jit: Acquired lock for /usr/local/lib/python3.12/dist-packages/flashinfer_cubin/cubins/flashinfer/trtllm/batched_gemm/trtllmGen_bmm_export/Enums.h
(Worker pid=939) (Worker_TP3_EP3 pid=939) 2026-04-16 05:55:43,911 - INFO - cubin_loader.py:114 - flashinfer.jit: File downloaded successfully: https://edge.urm.nvidia.com/artifactory/sw-kernelinferencelibrary-public-generic-local/b55211623be7f5697c5262ffd8361fc06c147bc9/batched_gemm-b3c1646-c111d7c/include/trtllmGen_bmm_export/BatchedGemmEnums.h -> /usr/local/lib/python3.12/dist-packages/flashinfer_cubin/cubins/flashinfer/trtllm/batched_gemm/trtllmGen_bmm_export/BatchedGemmEnums.h
(Worker pid=939) (Worker_TP3_EP3 pid=939) 2026-04-16 05:55:43,918 - INFO - cubin_loader.py:217 - flashinfer.jit: Fetching file from https://edge.urm.nvidia.com/artifactory/sw-kernelinferencelibrary-public-generic-local/b55211623be7f5697c5262ffd8361fc06c147bc9/batched_gemm-b3c1646-c111d7c/include/trtllmGen_bmm_export/GemmGatedActOptions.h
(Worker pid=940) (Worker_TP4_EP4 pid=940) 2026-04-16 05:55:43,931 - INFO - cubin_loader.py:114 - flashinfer.jit: File downloaded successfully: https://edge.urm.nvidia.com/artifactory/sw-kernelinferencelibrary-public-generic-local/b55211623be7f5697c5262ffd8361fc06c147bc9/batched_gemm-b3c1646-c111d7c/include/trtllmGen_bmm_export/BatchedGemmOptions.h -> /usr/local/lib/python3.12/dist-packages/flashinfer_cubin/cubins/flashinfer/trtllm/batched_gemm/trtllmGen_bmm_export/BatchedGemmOptions.h
(Worker pid=940) (Worker_TP4_EP4 pid=940) 2026-04-16 05:55:43,935 - INFO - cubin_loader.py:217 - flashinfer.jit: Fetching file from https://edge.urm.nvidia.com/artifactory/sw-kernelinferencelibrary-public-generic-local/b55211623be7f5697c5262ffd8361fc06c147bc9/batched_gemm-b3c1646-c111d7c/include/trtllmGen_bmm_export/GemmGatedActOptions.h
(Worker pid=937) (Worker_TP1_EP1 pid=937) 2026-04-16 05:55:43,951 - INFO - cubin_loader.py:84 - flashinfer.jit: Acquired lock for /usr/local/lib/python3.12/dist-packages/flashinfer_cubin/cubins/flashinfer/trtllm/batched_gemm/trtllmGen_bmm_export/BatchedGemmEnums.h
(Worker pid=936) (Worker_TP0_EP0 pid=936) 2026-04-16 05:55:44,180 - INFO - cubin_loader.py:114 - flashinfer.jit: File downloaded successfully: https://edge.urm.nvidia.com/artifactory/sw-kernelinferencelibrary-public-generic-local/b55211623be7f5697c5262ffd8361fc06c147bc9/batched_gemm-b3c1646-c111d7c/include/trtllmGen_bmm_export/GemmGatedActOptions.h -> /usr/local/lib/python3.12/dist-packages/flashinfer_cubin/cubins/flashinfer/trtllm/batched_gemm/trtllmGen_bmm_export/GemmGatedActOptions.h
(Worker pid=936) (Worker_TP0_EP0 pid=936) 2026-04-16 05:55:44,184 - INFO - cubin_loader.py:217 - flashinfer.jit: Fetching file from https://edge.urm.nvidia.com/artifactory/sw-kernelinferencelibrary-public-generic-local/b55211623be7f5697c5262ffd8361fc06c147bc9/batched_gemm-b3c1646-c111d7c/include/trtllmGen_bmm_export/GemmOptions.h
(Worker pid=936) (Worker_TP0_EP0 pid=936) 2026-04-16 05:55:44,184 - INFO - cubin_loader.py:84 - flashinfer.jit: Acquired lock for /usr/local/lib/python3.12/dist-packages/flashinfer_cubin/cubins/flashinfer/trtllm/batched_gemm/trtllmGen_bmm_export/GemmOptions.h
(Worker pid=940) (Worker_TP4_EP4 pid=940) 2026-04-16 05:55:44,186 - INFO - cubin_loader.py:84 - flashinfer.jit: Acquired lock for /usr/local/lib/python3.12/dist-packages/flashinfer_cubin/cubins/flashinfer/trtllm/batched_gemm/trtllmGen_bmm_export/GemmGatedActOptions.h
(Worker pid=941) (Worker_TP5_EP5 pid=941) 2026-04-16 05:55:44,221 - INFO - cubin_loader.py:114 - flashinfer.jit: File downloaded successfully: https://edge.urm.nvidia.com/artifactory/sw-kernelinferencelibrary-public-generic-local/b55211623be7f5697c5262ffd8361fc06c147bc9/batched_gemm-b3c1646-c111d7c/include/trtllmGen_bmm_export/Enums.h -> /usr/local/lib/python3.12/dist-packages/flashinfer_cubin/cubins/flashinfer/trtllm/batched_gemm/trtllmGen_bmm_export/Enums.h
(Worker pid=941) (Worker_TP5_EP5 pid=941) 2026-04-16 05:55:44,226 - INFO - cubin_loader.py:217 - flashinfer.jit: Fetching file from https://edge.urm.nvidia.com/artifactory/sw-kernelinferencelibrary-public-generic-local/b55211623be7f5697c5262ffd8361fc06c147bc9/batched_gemm-b3c1646-c111d7c/include/trtllmGen_bmm_export/GemmOptions.h
(Worker pid=937) (Worker_TP1_EP1 pid=937) 2026-04-16 05:55:44,278 - INFO - cubin_loader.py:114 - flashinfer.jit: File downloaded successfully: https://edge.urm.nvidia.com/artifactory/sw-kernelinferencelibrary-public-generic-local/b55211623be7f5697c5262ffd8361fc06c147bc9/batched_gemm-b3c1646-c111d7c/include/trtllmGen_bmm_export/BatchedGemmEnums.h -> /usr/local/lib/python3.12/dist-packages/flashinfer_cubin/cubins/flashinfer/trtllm/batched_gemm/trtllmGen_bmm_export/BatchedGemmEnums.h
(Worker pid=937) (Worker_TP1_EP1 pid=937) 2026-04-16 05:55:44,286 - INFO - cubin_loader.py:217 - flashinfer.jit: Fetching file from https://edge.urm.nvidia.com/artifactory/sw-kernelinferencelibrary-public-generic-local/b55211623be7f5697c5262ffd8361fc06c147bc9/batched_gemm-b3c1646-c111d7c/include/trtllmGen_bmm_export/GemmOptions.h
(Worker pid=938) (Worker_TP2_EP2 pid=938) 2026-04-16 05:55:44,302 - INFO - cubin_loader.py:84 - flashinfer.jit: Acquired lock for /usr/local/lib/python3.12/dist-packages/flashinfer_cubin/cubins/flashinfer/trtllm/batched_gemm/trtllmGen_bmm_export/BatchedGemmEnums.h
(Worker pid=940) (Worker_TP4_EP4 pid=940) 2026-04-16 05:55:44,535 - INFO - cubin_loader.py:114 - flashinfer.jit: File downloaded successfully: https://edge.urm.nvidia.com/artifactory/sw-kernelinferencelibrary-public-generic-local/b55211623be7f5697c5262ffd8361fc06c147bc9/batched_gemm-b3c1646-c111d7c/include/trtllmGen_bmm_export/GemmGatedActOptions.h -> /usr/local/lib/python3.12/dist-packages/flashinfer_cubin/cubins/flashinfer/trtllm/batched_gemm/trtllmGen_bmm_export/GemmGatedActOptions.h
(Worker pid=940) (Worker_TP4_EP4 pid=940) 2026-04-16 05:55:44,538 - INFO - cubin_loader.py:217 - flashinfer.jit: Fetching file from https://edge.urm.nvidia.com/artifactory/sw-kernelinferencelibrary-public-generic-local/b55211623be7f5697c5262ffd8361fc06c147bc9/batched_gemm-b3c1646-c111d7c/include/trtllmGen_bmm_export/GemmOptions.h
(Worker pid=936) (Worker_TP0_EP0 pid=936) 2026-04-16 05:55:44,542 - INFO - cubin_loader.py:114 - flashinfer.jit: File downloaded successfully: https://edge.urm.nvidia.com/artifactory/sw-kernelinferencelibrary-public-generic-local/b55211623be7f5697c5262ffd8361fc06c147bc9/batched_gemm-b3c1646-c111d7c/include/trtllmGen_bmm_export/GemmOptions.h -> /usr/local/lib/python3.12/dist-packages/flashinfer_cubin/cubins/flashinfer/trtllm/batched_gemm/trtllmGen_bmm_export/GemmOptions.h
(Worker pid=936) (Worker_TP0_EP0 pid=936) 2026-04-16 05:55:44,545 - INFO - cubin_loader.py:217 - flashinfer.jit: Fetching file from https://edge.urm.nvidia.com/artifactory/sw-kernelinferencelibrary-public-generic-local/b55211623be7f5697c5262ffd8361fc06c147bc9/batched_gemm-b3c1646-c111d7c/include/trtllmGen_bmm_export/KernelParams.h
(Worker pid=936) (Worker_TP0_EP0 pid=936) 2026-04-16 05:55:44,545 - INFO - cubin_loader.py:84 - flashinfer.jit: Acquired lock for /usr/local/lib/python3.12/dist-packages/flashinfer_cubin/cubins/flashinfer/trtllm/batched_gemm/trtllmGen_bmm_export/KernelParams.h
